[INFO] Scanning for projects...
[INFO] 
[INFO] -----------------------------< dtu:client >-----------------------------
[INFO] Building client 1.0.0-SNAPSHOT
[INFO]   from pom.xml
[INFO] --------------------------------[ jar ]---------------------------------
[INFO] 
[INFO] --- resources:3.3.1:resources (default-resources) @ client ---
[INFO] skip non existing resourceDirectory C:\Users\Nicol\SimpleDTUPay\client\src\main\resources
[INFO] 
[INFO] --- compiler:3.14.1:compile (default-compile) @ client ---
[INFO] Nothing to compile - all classes are up to date.
[INFO] 
[INFO] --- resources:3.3.1:testResources (default-testResources) @ client ---
[INFO] skip non existing resourceDirectory C:\Users\Nicol\SimpleDTUPay\client\src\test\resources
[INFO] 
[INFO] --- compiler:3.14.1:testCompile (default-testCompile) @ client ---
[INFO] Nothing to compile - all classes are up to date.
[INFO] 
[INFO] --- surefire:3.5.4:test (default-test) @ client ---
[INFO] Using auto detected provider org.apache.maven.surefire.junitplatform.JUnitPlatformProvider
[INFO] 
[INFO] -------------------------------------------------------
[INFO]  T E S T S
[INFO] -------------------------------------------------------
[INFO] Running dtu.example.CucumberTest

Scenario: Successful Payment                                        # features/payment.feature:3
mvn : jan. 08, 2026 1:48:55 PM org.jboss.logmanager.JBossLoggerFinder 
getLogger
At line:1 char:40
+ cd C:\Users\Nicol\SimpleDTUPay\client; mvn test 2>&1 | tee test-outp
u ...
+                                        ~~~~~~~~~~~~~
    + CategoryInfo          : NotSpecified: (jan. 08, 2026 1...inder  
   getLogger:String) [], RemoteException
    + FullyQualifiedErrorId : NativeCommandError
 
ERROR: The LogManager accessed before the "java.util.logging.manager" 
system property was set to "org.jboss.logmanager.LogManager". Results 
may be unexpected.
  ? Given a customer with name "Susan"                              # dtu.example.steps.SimpleDTUPaySteps.aCustomerWithName(java.lang.String)
  ? Given the customer is registered with Simple DTU Pay            # dtu.example.steps.SimpleDTUPaySteps.theCustomerIsRegisteredWithSimpleDTUPay()
  ? Given a merchant with name "Daniel"                             # dtu.example.steps.SimpleDTUPaySteps.aMerchantWithName(java.lang.String)
  ? Given the merchant is registered with Simple DTU Pay            # dtu.example.steps.SimpleDTUPaySteps.theMerchantIsRegisteredWithSimpleDTUPay()
Response status: 201
Response headers: [content-length=36,Content-Type=application/json,Location=http://localhost:8080/payments/eb29d9d8-f26a-4089-bedf-43a787b06ebc]
org.jboss.resteasy.client.jaxrs.engines.ManualClosingApacheHttpClient43Engine$3@1760e594
  ? When the merchant initiates a payment for 10 kr by the customer # dtu.example.steps.SimpleDTUPaySteps.theMerchantInitiatesAPaymentForKrByTheCustomer(java.lang.Integer)
  ? Then the payment is successful                                  # dtu.example.steps.SimpleDTUPaySteps.thePaymentIsSuccessful()

Scenario: List of payments                                                                     # features/payment.feature:11
  ? Given a customer with name "Susan", who is registered with Simple DTU Pay                  # dtu.example.steps.SimpleDTUPaySteps.aCustomerWithNameWhoIsRegisteredWithSimpleDTUPay(java.lang.String)
  ? And a merchant with name "Daniel", who is registered with Simple DTU Pay                   # dtu.example.steps.SimpleDTUPaySteps.aMerchantWithNameWhoIsRegisteredWithSimpleDTUPay(java.lang.String)
Response status: 201
Response headers: [content-length=36,Content-Type=application/json,Location=http://localhost:8080/payments/379240b5-0f0a-4601-84d6-ce53e4fdf136]
org.jboss.resteasy.client.jaxrs.engines.ManualClosingApacheHttpClient43Engine$3@1a89414e
  ? Given a successful payment of "10" kr from the customer to the merchant                    # dtu.example.steps.SimpleDTUPaySteps.aSuccessfulPaymentOfKrFromTheCustomerToTheMerchant(java.lang.String)
[dtu.Payment@18bb1b88, dtu.Payment@51b51641, dtu.Payment@362a6aa5, dtu.Payment@53b7bf01, dtu.Payment@139089a4, dtu.Payment@6a6e9289, dtu.Payment@ff4b223, dtu.Payment@61554b6b, dtu.Payment@761f234c, dtu.Payment@687b0ddc, dtu.Payment@42b4df5a, dtu.Payment@9f1ca74, dtu.Payment@67b8d45]
  ? When the manager asks for a list of payments                                               # dtu.example.steps.SimpleDTUPaySteps.theManagerAsksForAListOfPayments()
  ? Then the list contains a payments where customer "Susan" paid "10" kr to merchant "Daniel" # dtu.example.steps.SimpleDTUPaySteps.theListContainsAPaymentsWhereCustomerPaidKrToMerchant(java.lang.String,java.lang.String,java.lang.String)

Scenario: Customer is not known                                                               # features/payment.feature:18
  ? Given a merchant with name "Daniel", who is registered with Simple DTU Pay                # dtu.example.steps.SimpleDTUPaySteps.aMerchantWithNameWhoIsRegisteredWithSimpleDTUPay(java.lang.String)
Response status: 500
Response headers: [content-length=3843,content-type=application/json; charset=utf-8]
org.jboss.resteasy.client.jaxrs.engines.ManualClosingApacheHttpClient43Engine$3@182e4365
Unexpected response status 500: {"details":"Error id 5231473b-7fa4-4640-b64e-60409498bc50-7, org.jboss.resteasy.spi.UnhandledException: java.util.NoSuchElementException: No value present","stack":"org.jboss.resteasy.spi.UnhandledException: java.util.NoSuchElementException: No value present\r\n\tat org.jboss.resteasy.core.ExceptionHandler.handleApplicationException(ExceptionHandler.java:107)\r\n\tat org.jboss.resteasy.core.ExceptionHandler.handleException(ExceptionHandler.java:344)\r\n\tat org.jboss.resteasy.core.SynchronousDispatcher.writeException(SynchronousDispatcher.java:205)\r\n\tat org.jboss.resteasy.core.SynchronousDispatcher.invoke(SynchronousDispatcher.java:452)\r\n\tat org.jboss.resteasy.core.SynchronousDispatcher.lambda$invokePropagateNotFound$6(SynchronousDispatcher.java:275)\r\n\tat org.jboss.resteasy.core.SynchronousDispatcher.lambda$preprocess$0(SynchronousDispatcher.java:154)\r\n\tat org.jboss.resteasy.core.interception.jaxrs.PreMatchContainerRequestContext.filter(PreMatchContainerRequestContext.java:321)\r\n\tat org.jboss.resteasy.core.SynchronousDispatcher.preprocess(SynchronousDispatcher.java:157)\r\n\tat org.jboss.resteasy.core.SynchronousDispatcher.invokePropagateNotFound(SynchronousDispatcher.java:260)\r\n\tat io.quarkus.resteasy.runtime.standalone.RequestDispatcher.service(RequestDispatcher.java:86)\r\n\tat io.quarkus.resteasy.runtime.standalone.VertxRequestHandler.dispatch(VertxRequestHandler.java:151)\r\n\tat io.quarkus.resteasy.runtime.standalone.VertxRequestHandler$1.run(VertxRequestHandler.java:97)\r\n\tat io.quarkus.vertx.core.runtime.VertxCoreRecorder$15.runWith(VertxCoreRecorder.java:645)\r\n\tat org.jboss.threads.EnhancedQueueExecutor$Task.doRunWith(EnhancedQueueExecutor.java:2651)\r\n\tat org.jboss.threads.EnhancedQueueExecutor$Task.run(EnhancedQueueExecutor.java:2630)\r\n\tat org.jboss.threads.EnhancedQueueExecutor.runThreadBody(EnhancedQueueExecutor.java:1622)\r\n\tat org.jboss.threads.EnhancedQueueExecutor$ThreadBody.run(EnhancedQueueExecutor.java:1589)\r\n\tat org.jboss.threads.DelegatingRunnable.run(DelegatingRunnable.java:11)\r\n\tat org.jboss.threads.ThreadLocalResettingRunnable.run(ThreadLocalResettingRunnable.java:11)\r\n\tat io.netty.util.concurrent.FastThreadLocalRunnable.run(FastThreadLocalRunnable.java:30)\r\n\tat java.base/java.lang.Thread.run(Thread.java:1583)\r\nCaused by: java.util.NoSuchElementException: No value present\r\n\tat java.base/java.util.Optional.get(Optional.java:143)\r\n\tat SimpleDTUPay.resource.PaymentServiceResource.makePayment(PaymentServiceResource.java:50)\r\n\tat java.base/jdk.internal.reflect.DirectMethodHandleAccessor.invoke(DirectMethodHandleAccessor.java:103)\r\n\tat java.base/java.lang.reflect.Method.invoke(Method.java:580)\r\n\tat org.jboss.resteasy.core.MethodInjectorImpl.invoke(MethodInjectorImpl.java:154)\r\n\tat org.jboss.resteasy.core.MethodInjectorImpl.invoke(MethodInjectorImpl.java:118)\r\n\tat org.jboss.resteasy.core.ResourceMethodInvoker.internalInvokeOnTarget(ResourceMethodInvoker.java:560)\r\n\tat org.jboss.resteasy.core.ResourceMethodInvoker.invokeOnTargetAfterFilter(ResourceMethodInvoker.java:452)\r\n\tat org.jboss.resteasy.core.ResourceMethodInvoker.lambda$invokeOnTarget$2(ResourceMethodInvoker.java:413)\r\n\tat org.jboss.resteasy.core.interception.jaxrs.PreMatchContainerRequestContext.filter(PreMatchContainerRequestContext.java:321)\r\n\tat org.jboss.resteasy.core.ResourceMethodInvoker.invokeOnTarget(ResourceMethodInvoker.java:415)\r\n\tat org.jboss.resteasy.core.ResourceMethodInvoker.invoke(ResourceMethodInvoker.java:378)\r\n\tat org.jboss.resteasy.core.ResourceMethodInvoker.invoke(ResourceMethodInvoker.java:356)\r\n\tat org.jboss.resteasy.core.ResourceMethodInvoker.invoke(ResourceMethodInvoker.java:70)\r\n\tat org.jboss.resteasy.core.SynchronousDispatcher.invoke(SynchronousDispatcher.java:429)\r\n\t... 17 more"}
false
  ? When the merchant initiates a payment for "10" kr using customer id "non-existent-id"     # dtu.example.steps.SimpleDTUPaySteps.theMerchantInitiatesAPaymentForKrUsingCustomerId(java.lang.String,java.lang.String)
false
Checking that payment was not successful
CRAASSH TEH FUK OUT
  ? Then the payment is not successful                                                        # dtu.example.steps.SimpleDTUPaySteps.thePaymentIsNotSuccessful()
null
  ? And an error message is returned saying "customer with id \"non-existent-id\" is unknown" # dtu.example.steps.SimpleDTUPaySteps.anErrorMessageIsReturnedSaying(java.lang.String)
        java.lang.AssertionError: expected:<customer with id "non-existent-id" is unknown> but was:<null>
        	at org.junit.Assert.fail(Assert.java:89)
        	at org.junit.Assert.failNotEquals(Assert.java:835)
        	at org.junit.Assert.assertEquals(Assert.java:120)
        	at org.junit.Assert.assertEquals(Assert.java:146)
        	at dtu.example.steps.SimpleDTUPaySteps.anErrorMessageIsReturnedSaying(SimpleDTUPaySteps.java:116)
        	at ?.an error message is returned saying "customer with id \"non-existent-id\" is unknown"(file:///C:/Users/Nicol/SimpleDTUPay/client/features/payment.feature:22)
[ERROR] Tests run: 3, Failures: 1, Errors: 0, Skipped: 0, Time elapsed: 1.454 s <<< FAILURE! -- in dtu.example.CucumberTest
[ERROR] dtu.example.CucumberTest.Payment - Customer is not known -- Time elapsed: 0.028 s <<< FAILURE!
java.lang.AssertionError: expected:<customer with id "non-existent-id" is unknown> but was:<null>
	at dtu.example.steps.SimpleDTUPaySteps.anErrorMessageIsReturnedSaying(SimpleDTUPaySteps.java:116)
	at ?.an error message is returned saying "customer with id \"non-existent-id\" is unknown"(file:///C:/Users/Nicol/SimpleDTUPay/client/features/payment.feature:22)

[INFO] 
[INFO] Results:
[INFO] 
[ERROR] Failures: 
[ERROR]   CucumberTest.Payment - Customer is not known expected:<customer with id "non-existent-id" is unknown> but was:<null>
[INFO] 
[ERROR] Tests run: 3, Failures: 1, Errors: 0, Skipped: 0
[INFO] 
[INFO] ------------------------------------------------------------------------
[INFO] BUILD FAILURE
[INFO] ------------------------------------------------------------------------
[INFO] Total time:  4.144 s
[INFO] Finished at: 2026-01-08T13:48:55+01:00
[INFO] ------------------------------------------------------------------------
[ERROR] Failed to execute goal org.apache.maven.plugins:maven-surefire-plugin:3.5.4:test (default-test) on project client: There are test failures.
[ERROR] 
[ERROR] See C:\Users\Nicol\SimpleDTUPay\client\target\surefire-reports for the individual test results.
[ERROR] See dump files (if any exist) [date].dump, [date]-jvmRun[N].dump and [date].dumpstream.
[ERROR] -> [Help 1]
[ERROR] 
[ERROR] To see the full stack trace of the errors, re-run Maven with the -e switch.
[ERROR] Re-run Maven using the -X switch to enable full debug logging.
[ERROR] 
[ERROR] For more information about the errors and possible solutions, please read the following articles:
[ERROR] [Help 1] http://cwiki.apache.org/confluence/display/MAVEN/MojoFailureException
